[      89ms] [ERROR] The script has an unsupported MIME type ('text/html'). @ :0
[      92ms] [VERBOSE] [DOM] Input elements should have autocomplete attributes (suggested: "username"): (More info: https://goo.gl/9p2vKq) %o @ http://localhost:4174/:0
[    3102ms] [WARNING] The resource http://localhost:4174/business-card-templates/onboarding/organizer-card.webp was preloaded using link preload but not used within a few seconds from the window's load event. Please make sure it has an appropriate `as` value and it is preloaded intentionally. @ http://localhost:4174/:0
[    3102ms] [WARNING] The resource http://localhost:4174/business-card-templates/onboarding/vocalist-card.webp was preloaded using link preload but not used within a few seconds from the window's load event. Please make sure it has an appropriate `as` value and it is preloaded intentionally. @ http://localhost:4174/:0
[    3102ms] [WARNING] The resource http://localhost:4174/business-card-templates/onboarding/host-card.webp was preloaded using link preload but not used within a few seconds from the window's load event. Please make sure it has an appropriate `as` value and it is preloaded intentionally. @ http://localhost:4174/:0
[    3102ms] [WARNING] The resource http://localhost:4174/business-card-templates/onboarding/illusionist-card.webp was preloaded using link preload but not used within a few seconds from the window's load event. Please make sure it has an appropriate `as` value and it is preloaded intentionally. @ http://localhost:4174/:0
[  196590ms] [LOG] [vite] server connection lost. Polling for restart... @ http://localhost:4174/@vite/client:864
[  198184ms] [ERROR] The script has an unsupported MIME type ('text/html'). @ :0
[  198185ms] [VERBOSE] [DOM] Input elements should have autocomplete attributes (suggested: "username"): (More info: https://goo.gl/9p2vKq) %o @ http://localhost:4174/:0
[  201199ms] [WARNING] The resource http://localhost:4174/business-card-templates/onboarding/organizer-card.webp was preloaded using link preload but not used within a few seconds from the window's load event. Please make sure it has an appropriate `as` value and it is preloaded intentionally. @ http://localhost:4174/:0
[  201199ms] [WARNING] The resource http://localhost:4174/business-card-templates/onboarding/vocalist-card.webp was preloaded using link preload but not used within a few seconds from the window's load event. Please make sure it has an appropriate `as` value and it is preloaded intentionally. @ http://localhost:4174/:0
[  201199ms] [WARNING] The resource http://localhost:4174/business-card-templates/onboarding/host-card.webp was preloaded using link preload but not used within a few seconds from the window's load event. Please make sure it has an appropriate `as` value and it is preloaded intentionally. @ http://localhost:4174/:0
[  201199ms] [WARNING] The resource http://localhost:4174/business-card-templates/onboarding/illusionist-card.webp was preloaded using link preload but not used within a few seconds from the window's load event. Please make sure it has an appropriate `as` value and it is preloaded intentionally. @ http://localhost:4174/:0
[54929239ms] [LOG] [vite] server connection lost. Polling for restart... @ http://localhost:4174/@vite/client:864
[54929548ms] [VERBOSE] [DOM] Input elements should have autocomplete attributes (suggested: "username"): (More info: https://goo.gl/9p2vKq) %o @ http://localhost:4174/:0
[54929551ms] [ERROR] The script has an unsupported MIME type ('text/html'). @ :0
[54932562ms] [WARNING] The resource http://localhost:4174/business-card-templates/onboarding/organizer-card.webp was preloaded using link preload but not used within a few seconds from the window's load event. Please make sure it has an appropriate `as` value and it is preloaded intentionally. @ http://localhost:4174/:0
[54932562ms] [WARNING] The resource http://localhost:4174/business-card-templates/onboarding/vocalist-card.webp was preloaded using link preload but not used within a few seconds from the window's load event. Please make sure it has an appropriate `as` value and it is preloaded intentionally. @ http://localhost:4174/:0
[54932562ms] [WARNING] The resource http://localhost:4174/business-card-templates/onboarding/host-card.webp was preloaded using link preload but not used within a few seconds from the window's load event. Please make sure it has an appropriate `as` value and it is preloaded intentionally. @ http://localhost:4174/:0
[54932562ms] [WARNING] The resource http://localhost:4174/business-card-templates/onboarding/illusionist-card.webp was preloaded using link preload but not used within a few seconds from the window's load event. Please make sure it has an appropriate `as` value and it is preloaded intentionally. @ http://localhost:4174/:0
[58539815ms] [ERROR] The script has an unsupported MIME type ('text/html'). @ :0
[58539929ms] [VERBOSE] [DOM] Input elements should have autocomplete attributes (suggested: "username"): (More info: https://goo.gl/9p2vKq) %o @ http://localhost:4174/:0
[58542834ms] [WARNING] The resource http://localhost:4174/business-card-templates/onboarding/organizer-card.webp was preloaded using link preload but not used within a few seconds from the window's load event. Please make sure it has an appropriate `as` value and it is preloaded intentionally. @ http://localhost:4174/:0
[58542834ms] [WARNING] The resource http://localhost:4174/business-card-templates/onboarding/vocalist-card.webp was preloaded using link preload but not used within a few seconds from the window's load event. Please make sure it has an appropriate `as` value and it is preloaded intentionally. @ http://localhost:4174/:0
[58542834ms] [WARNING] The resource http://localhost:4174/business-card-templates/onboarding/host-card.webp was preloaded using link preload but not used within a few seconds from the window's load event. Please make sure it has an appropriate `as` value and it is preloaded intentionally. @ http://localhost:4174/:0
[58542834ms] [WARNING] The resource http://localhost:4174/business-card-templates/onboarding/illusionist-card.webp was preloaded using link preload but not used within a few seconds from the window's load event. Please make sure it has an appropriate `as` value and it is preloaded intentionally. @ http://localhost:4174/:0
[59554042ms] [WARNING] The resource http://localhost:4174/business-card-templates/onboarding/organizer-card.webp was preloaded using link preload but not used within a few seconds from the window's load event. Please make sure it has an appropriate `as` value and it is preloaded intentionally. @ http://localhost:4174/:0
[59554042ms] [WARNING] The resource http://localhost:4174/business-card-templates/onboarding/vocalist-card.webp was preloaded using link preload but not used within a few seconds from the window's load event. Please make sure it has an appropriate `as` value and it is preloaded intentionally. @ http://localhost:4174/:0
[59554042ms] [WARNING] The resource http://localhost:4174/business-card-templates/onboarding/host-card.webp was preloaded using link preload but not used within a few seconds from the window's load event. Please make sure it has an appropriate `as` value and it is preloaded intentionally. @ http://localhost:4174/:0
[59554042ms] [WARNING] The resource http://localhost:4174/business-card-templates/onboarding/illusionist-card.webp was preloaded using link preload but not used within a few seconds from the window's load event. Please make sure it has an appropriate `as` value and it is preloaded intentionally. @ http://localhost:4174/:0
[59580980ms] [ERROR] The script has an unsupported MIME type ('text/html'). @ :0
[59580982ms] [VERBOSE] [DOM] Input elements should have autocomplete attributes (suggested: "username"): (More info: https://goo.gl/9p2vKq) %o @ http://localhost:4174/:0
[59583990ms] [WARNING] The resource http://localhost:4174/business-card-templates/onboarding/organizer-card.webp was preloaded using link preload but not used within a few seconds from the window's load event. Please make sure it has an appropriate `as` value and it is preloaded intentionally. @ http://localhost:4174/:0
[59583990ms] [WARNING] The resource http://localhost:4174/business-card-templates/onboarding/vocalist-card.webp was preloaded using link preload but not used within a few seconds from the window's load event. Please make sure it has an appropriate `as` value and it is preloaded intentionally. @ http://localhost:4174/:0
[59583990ms] [WARNING] The resource http://localhost:4174/business-card-templates/onboarding/host-card.webp was preloaded using link preload but not used within a few seconds from the window's load event. Please make sure it has an appropriate `as` value and it is preloaded intentionally. @ http://localhost:4174/:0
[59583990ms] [WARNING] The resource http://localhost:4174/business-card-templates/onboarding/illusionist-card.webp was preloaded using link preload but not used within a few seconds from the window's load event. Please make sure it has an appropriate `as` value and it is preloaded intentionally. @ http://localhost:4174/:0
[59587787ms] [ERROR] The script has an unsupported MIME type ('text/html'). @ :0
[59587789ms] [VERBOSE] [DOM] Input elements should have autocomplete attributes (suggested: "username"): (More info: https://goo.gl/9p2vKq) %o @ http://localhost:4174/:0
[59590794ms] [WARNING] The resource http://localhost:4174/business-card-templates/onboarding/organizer-card.webp was preloaded using link preload but not used within a few seconds from the window's load event. Please make sure it has an appropriate `as` value and it is preloaded intentionally. @ http://localhost:4174/:0
[59590794ms] [WARNING] The resource http://localhost:4174/business-card-templates/onboarding/vocalist-card.webp was preloaded using link preload but not used within a few seconds from the window's load event. Please make sure it has an appropriate `as` value and it is preloaded intentionally. @ http://localhost:4174/:0
[59590794ms] [WARNING] The resource http://localhost:4174/business-card-templates/onboarding/host-card.webp was preloaded using link preload but not used within a few seconds from the window's load event. Please make sure it has an appropriate `as` value and it is preloaded intentionally. @ http://localhost:4174/:0
[59590794ms] [WARNING] The resource http://localhost:4174/business-card-templates/onboarding/illusionist-card.webp was preloaded using link preload but not used within a few seconds from the window's load event. Please make sure it has an appropriate `as` value and it is preloaded intentionally. @ http://localhost:4174/:0
[59621887ms] [WARNING] The resource http://localhost:4174/business-card-templates/onboarding/organizer-card.webp was preloaded using link preload but not used within a few seconds from the window's load event. Please make sure it has an appropriate `as` value and it is preloaded intentionally. @ http://localhost:4174/:0
[59621888ms] [WARNING] The resource http://localhost:4174/business-card-templates/onboarding/vocalist-card.webp was preloaded using link preload but not used within a few seconds from the window's load event. Please make sure it has an appropriate `as` value and it is preloaded intentionally. @ http://localhost:4174/:0
[59621888ms] [WARNING] The resource http://localhost:4174/business-card-templates/onboarding/host-card.webp was preloaded using link preload but not used within a few seconds from the window's load event. Please make sure it has an appropriate `as` value and it is preloaded intentionally. @ http://localhost:4174/:0
[59621888ms] [WARNING] The resource http://localhost:4174/business-card-templates/onboarding/illusionist-card.webp was preloaded using link preload but not used within a few seconds from the window's load event. Please make sure it has an appropriate `as` value and it is preloaded intentionally. @ http://localhost:4174/:0
[59734659ms] [ERROR] The script has an unsupported MIME type ('text/html'). @ :0
[59734661ms] [VERBOSE] [DOM] Input elements should have autocomplete attributes (suggested: "username"): (More info: https://goo.gl/9p2vKq) %o @ http://localhost:4174/:0
[59737666ms] [WARNING] The resource http://localhost:4174/business-card-templates/onboarding/organizer-card.webp was preloaded using link preload but not used within a few seconds from the window's load event. Please make sure it has an appropriate `as` value and it is preloaded intentionally. @ http://localhost:4174/:0
[59737666ms] [WARNING] The resource http://localhost:4174/business-card-templates/onboarding/vocalist-card.webp was preloaded using link preload but not used within a few seconds from the window's load event. Please make sure it has an appropriate `as` value and it is preloaded intentionally. @ http://localhost:4174/:0
[59737666ms] [WARNING] The resource http://localhost:4174/business-card-templates/onboarding/host-card.webp was preloaded using link preload but not used within a few seconds from the window's load event. Please make sure it has an appropriate `as` value and it is preloaded intentionally. @ http://localhost:4174/:0
[59737666ms] [WARNING] The resource http://localhost:4174/business-card-templates/onboarding/illusionist-card.webp was preloaded using link preload but not used within a few seconds from the window's load event. Please make sure it has an appropriate `as` value and it is preloaded intentionally. @ http://localhost:4174/:0
[60027374ms] [ERROR] The script has an unsupported MIME type ('text/html'). @ :0
[60027486ms] [VERBOSE] [DOM] Input elements should have autocomplete attributes (suggested: "username"): (More info: https://goo.gl/9p2vKq) %o @ http://localhost:4174/:0
[60028812ms] [VERBOSE] [DOM] Input elements should have autocomplete attributes (suggested: "username"): (More info: https://goo.gl/9p2vKq) %o @ http://localhost:4174/:0
[60028813ms] [ERROR] The script has an unsupported MIME type ('text/html'). @ :0
[60056598ms] [ERROR] The script has an unsupported MIME type ('text/html'). @ :0
[60056600ms] [VERBOSE] [DOM] Input elements should have autocomplete attributes (suggested: "username"): (More info: https://goo.gl/9p2vKq) %o @ http://localhost:4174/:0
[60138936ms] [ERROR] The script has an unsupported MIME type ('text/html'). @ :0
[60139041ms] [VERBOSE] [DOM] Input elements should have autocomplete attributes (suggested: "username"): (More info: https://goo.gl/9p2vKq) %o @ http://localhost:4174/:0
[60601387ms] [ERROR] The script has an unsupported MIME type ('text/html'). @ :0
[60601510ms] [VERBOSE] [DOM] Input elements should have autocomplete attributes (suggested: "username"): (More info: https://goo.gl/9p2vKq) %o @ http://localhost:4174/:0
[61285790ms] [ERROR] The script has an unsupported MIME type ('text/html'). @ :0
[61285795ms] [VERBOSE] [DOM] Input elements should have autocomplete attributes (suggested: "username"): (More info: https://goo.gl/9p2vKq) %o @ http://localhost:4174/:0
[62586558ms] [LOG] [vite] server connection lost. Polling for restart... @ http://localhost:4174/@vite/client:864
[62587088ms] [ERROR] The script has an unsupported MIME type ('text/html'). @ :0
[62587207ms] [VERBOSE] [DOM] Input elements should have autocomplete attributes (suggested: "username"): (More info: https://goo.gl/9p2vKq) %o @ http://localhost:4174/:0
[62587804ms] [LOG] [vite] server connection lost. Polling for restart... @ http://localhost:4174/@vite/client:864
[62587943ms] [ERROR] The script has an unsupported MIME type ('text/html'). @ :0
[62587942ms] [VERBOSE] [DOM] Input elements should have autocomplete attributes (suggested: "username"): (More info: https://goo.gl/9p2vKq) %o @ http://localhost:4174/:0
[62621810ms] [VERBOSE] [DOM] Input elements should have autocomplete attributes (suggested: "username"): (More info: https://goo.gl/9p2vKq) %o @ http://localhost:4174/:0
[62621811ms] [ERROR] The script has an unsupported MIME type ('text/html'). @ :0
[63416816ms] [ERROR] The script has an unsupported MIME type ('text/html'). @ :0
[63416927ms] [VERBOSE] [DOM] Input elements should have autocomplete attributes (suggested: "username"): (More info: https://goo.gl/9p2vKq) %o @ http://localhost:4174/:0
[64432114ms] [ERROR] The script has an unsupported MIME type ('text/html'). @ :0
[64432120ms] [VERBOSE] [DOM] Input elements should have autocomplete attributes (suggested: "username"): (More info: https://goo.gl/9p2vKq) %o @ http://localhost:4174/:0
[76345596ms] [ERROR] The script has an unsupported MIME type ('text/html'). @ :0
[76345719ms] [VERBOSE] [DOM] Input elements should have autocomplete attributes (suggested: "username"): (More info: https://goo.gl/9p2vKq) %o @ http://localhost:4174/:0
[76358855ms] [VERBOSE] [DOM] Input elements should have autocomplete attributes (suggested: "username"): (More info: https://goo.gl/9p2vKq) %o @ http://localhost:4174/:0
[76358857ms] [ERROR] The script has an unsupported MIME type ('text/html'). @ :0
[76369333ms] [ERROR] The script has an unsupported MIME type ('text/html'). @ :0
[76369334ms] [VERBOSE] [DOM] Input elements should have autocomplete attributes (suggested: "username"): (More info: https://goo.gl/9p2vKq) %o @ http://localhost:4174/:0
[76379803ms] [VERBOSE] [DOM] Input elements should have autocomplete attributes (suggested: "username"): (More info: https://goo.gl/9p2vKq) %o @ http://localhost:4174/:0
[76379805ms] [ERROR] The script has an unsupported MIME type ('text/html'). @ :0
[76392656ms] [ERROR] The script has an unsupported MIME type ('text/html'). @ :0
[76392659ms] [VERBOSE] [DOM] Input elements should have autocomplete attributes (suggested: "username"): (More info: https://goo.gl/9p2vKq) %o @ http://localhost:4174/:0
[76426790ms] [ERROR] The script has an unsupported MIME type ('text/html'). @ :0
[76426792ms] [VERBOSE] [DOM] Input elements should have autocomplete attributes (suggested: "username"): (More info: https://goo.gl/9p2vKq) %o @ http://localhost:4174/:0
[83215695ms] [ERROR] The script has an unsupported MIME type ('text/html'). @ :0
[83215811ms] [VERBOSE] [DOM] Input elements should have autocomplete attributes (suggested: "username"): (More info: https://goo.gl/9p2vKq) %o @ http://localhost:4174/:0
[83409557ms] [ERROR] The script has an unsupported MIME type ('text/html'). @ :0
[83409559ms] [VERBOSE] [DOM] Input elements should have autocomplete attributes (suggested: "username"): (More info: https://goo.gl/9p2vKq) %o @ http://localhost:4174/:0
[84309038ms] [ERROR] The script has an unsupported MIME type ('text/html'). @ :0
[84309152ms] [VERBOSE] [DOM] Input elements should have autocomplete attributes (suggested: "username"): (More info: https://goo.gl/9p2vKq) %o @ http://localhost:4174/:0
[84355692ms] [ERROR] The script has an unsupported MIME type ('text/html'). @ :0
[84355695ms] [VERBOSE] [DOM] Input elements should have autocomplete attributes (suggested: "username"): (More info: https://goo.gl/9p2vKq) %o @ http://localhost:4174/:0
[84370228ms] [ERROR] The script has an unsupported MIME type ('text/html'). @ :0
[84370231ms] [VERBOSE] [DOM] Input elements should have autocomplete attributes (suggested: "username"): (More info: https://goo.gl/9p2vKq) %o @ http://localhost:4174/:0
[84427500ms] [ERROR] The script has an unsupported MIME type ('text/html'). @ :0
[84427502ms] [VERBOSE] [DOM] Input elements should have autocomplete attributes (suggested: "username"): (More info: https://goo.gl/9p2vKq) %o @ http://localhost:4174/:0
[84467725ms] [ERROR] The script has an unsupported MIME type ('text/html'). @ :0
[84467732ms] [VERBOSE] [DOM] Input elements should have autocomplete attributes (suggested: "username"): (More info: https://goo.gl/9p2vKq) %o @ http://localhost:4174/:0
[84484899ms] [ERROR] The script has an unsupported MIME type ('text/html'). @ :0
[84485005ms] [VERBOSE] [DOM] Input elements should have autocomplete attributes (suggested: "username"): (More info: https://goo.gl/9p2vKq) %o @ http://localhost:4174/:0
[84497750ms] [ERROR] The script has an unsupported MIME type ('text/html'). @ :0
[84497755ms] [VERBOSE] [DOM] Input elements should have autocomplete attributes (suggested: "username"): (More info: https://goo.gl/9p2vKq) %o @ http://localhost:4174/:0
[84554598ms] [ERROR] The script has an unsupported MIME type ('text/html'). @ :0
[84554600ms] [VERBOSE] [DOM] Input elements should have autocomplete attributes (suggested: "username"): (More info: https://goo.gl/9p2vKq) %o @ http://localhost:4174/:0
[84573178ms] [ERROR] The script has an unsupported MIME type ('text/html'). @ :0
[84573179ms] [VERBOSE] [DOM] Input elements should have autocomplete attributes (suggested: "username"): (More info: https://goo.gl/9p2vKq) %o @ http://localhost:4174/:0
[84611720ms] [ERROR] The script has an unsupported MIME type ('text/html'). @ :0
[84611721ms] [VERBOSE] [DOM] Input elements should have autocomplete attributes (suggested: "username"): (More info: https://goo.gl/9p2vKq) %o @ http://localhost:4174/:0
[85032732ms] [ERROR] The script has an unsupported MIME type ('text/html'). @ :0
[85032843ms] [VERBOSE] [DOM] Input elements should have autocomplete attributes (suggested: "username"): (More info: https://goo.gl/9p2vKq) %o @ http://localhost:4174/:0
[85704045ms] ReferenceError: VIEWS is not defined
    at parseRoute (http://localhost:4174/src/app.js?t=1786633639961:58:20)
    at route (http://localhost:4174/src/app.js?t=1786633639961:86:28)
    at mountApp (http://localhost:4174/src/app.js?t=1786633639961:138:3)
    at http://localhost:4174/src/main.js?t=1786633639961:5:1
[85704040ms] [ERROR] The script has an unsupported MIME type ('text/html'). @ :0
[85741919ms] ReferenceError: VIEWS is not defined
    at route (http://localhost:4174/src/app.js?t=1786633677929:87:18)
    at mountApp (http://localhost:4174/src/app.js?t=1786633677929:138:3)
    at http://localhost:4174/src/main.js?t=1786633677929:5:1
[85741924ms] [ERROR] The script has an unsupported MIME type ('text/html'). @ :0
[85768921ms] [ERROR] The script has an unsupported MIME type ('text/html'). @ :0
[85769040ms] [VERBOSE] [DOM] Input elements should have autocomplete attributes (suggested: "username"): (More info: https://goo.gl/9p2vKq) %o @ http://localhost:4174/:0
[85984976ms] [ERROR] The script has an unsupported MIME type ('text/html'). @ :0
[85985075ms] [VERBOSE] [DOM] Input elements should have autocomplete attributes (suggested: "username"): (More info: https://goo.gl/9p2vKq) %o @ http://localhost:4174/:0
[87374817ms] [ERROR] The script has an unsupported MIME type ('text/html'). @ :0
[87374935ms] [VERBOSE] [DOM] Input elements should have autocomplete attributes (suggested: "username"): (More info: https://goo.gl/9p2vKq) %o @ http://localhost:4174/:0
[87393512ms] [ERROR] The script has an unsupported MIME type ('text/html'). @ :0
[87393519ms] ReferenceError: renderIcon is not defined
    at http://localhost:4174/src/app.js?t=1786635329664:73:80
    at Array.map (<anonymous>)
    at renderTabbar (http://localhost:4174/src/app.js?t=1786635329664:71:15)
    at route (http://localhost:4174/src/app.js?t=1786635329664:128:42)
[87393615ms] [VERBOSE] [DOM] Input elements should have autocomplete attributes (suggested: "username"): (More info: https://goo.gl/9p2vKq) %o @ http://localhost:4174/:0
[87439413ms] [ERROR] The script has an unsupported MIME type ('text/html'). @ :0
[87439516ms] [VERBOSE] [DOM] Input elements should have autocomplete attributes (suggested: "username"): (More info: https://goo.gl/9p2vKq) %o @ http://localhost:4174/:0
[87750276ms] [ERROR] The script has an unsupported MIME type ('text/html'). @ :0
[87750392ms] [VERBOSE] [DOM] Input elements should have autocomplete attributes (suggested: "username"): (More info: https://goo.gl/9p2vKq) %o @ http://localhost:4174/:0
[98546955ms] [ERROR] The script has an unsupported MIME type ('text/html'). @ :0
[98547076ms] [VERBOSE] [DOM] Input elements should have autocomplete attributes (suggested: "username"): (More info: https://goo.gl/9p2vKq) %o @ http://localhost:4174/:0
[108344920ms] [ERROR] The script has an unsupported MIME type ('text/html'). @ :0
[108345040ms] [VERBOSE] [DOM] Input elements should have autocomplete attributes (suggested: "username"): (More info: https://goo.gl/9p2vKq) %o @ http://localhost:4174/:0
