[      95ms] [ERROR] The script has an unsupported MIME type ('text/html'). @ :0
[    3112ms] [WARNING] The resource http://localhost:4174/business-card-templates/onboarding/organizer-card.webp was preloaded using link preload but not used within a few seconds from the window's load event. Please make sure it has an appropriate `as` value and it is preloaded intentionally. @ http://localhost:4174/#/privacy:0
[    3112ms] [WARNING] The resource http://localhost:4174/business-card-templates/onboarding/vocalist-card.webp was preloaded using link preload but not used within a few seconds from the window's load event. Please make sure it has an appropriate `as` value and it is preloaded intentionally. @ http://localhost:4174/#/privacy:0
[    3113ms] [WARNING] The resource http://localhost:4174/business-card-templates/onboarding/host-card.webp was preloaded using link preload but not used within a few seconds from the window's load event. Please make sure it has an appropriate `as` value and it is preloaded intentionally. @ http://localhost:4174/#/privacy:0
[    3113ms] [WARNING] The resource http://localhost:4174/business-card-templates/onboarding/illusionist-card.webp was preloaded using link preload but not used within a few seconds from the window's load event. Please make sure it has an appropriate `as` value and it is preloaded intentionally. @ http://localhost:4174/#/privacy:0
[   67433ms] [ERROR] The script has an unsupported MIME type ('text/html'). @ :0
[   68644ms] [ERROR] Failed to load resource: the server responded with a status of 404 (Not Found) @ http://localhost:4174/api/card-review?slug=test-alex:0
[   68661ms] [ERROR] Failed to load resource: the server responded with a status of 404 (Not Found) @ http://localhost:4174/api/card-insight:0
[   68681ms] [ERROR] Failed to load resource: the server responded with a status of 404 (Not Found) @ http://localhost:4174/api/card-insight:0
[   71683ms] [WARNING] The resource http://localhost:4174/business-card-templates/onboarding/organizer-card.webp was preloaded using link preload but not used within a few seconds from the window's load event. Please make sure it has an appropriate `as` value and it is preloaded intentionally. @ http://localhost:4174/v/test-alex:0
[   71683ms] [WARNING] The resource http://localhost:4174/business-card-templates/onboarding/vocalist-card.webp was preloaded using link preload but not used within a few seconds from the window's load event. Please make sure it has an appropriate `as` value and it is preloaded intentionally. @ http://localhost:4174/v/test-alex:0
[   71683ms] [WARNING] The resource http://localhost:4174/business-card-templates/onboarding/host-card.webp was preloaded using link preload but not used within a few seconds from the window's load event. Please make sure it has an appropriate `as` value and it is preloaded intentionally. @ http://localhost:4174/v/test-alex:0
[   71684ms] [WARNING] The resource http://localhost:4174/business-card-templates/onboarding/illusionist-card.webp was preloaded using link preload but not used within a few seconds from the window's load event. Please make sure it has an appropriate `as` value and it is preloaded intentionally. @ http://localhost:4174/v/test-alex:0
[   93648ms] [ERROR] The script has an unsupported MIME type ('text/html'). @ :0
[   96654ms] [WARNING] The resource http://localhost:4174/business-card-templates/onboarding/organizer-card.webp was preloaded using link preload but not used within a few seconds from the window's load event. Please make sure it has an appropriate `as` value and it is preloaded intentionally. @ http://localhost:4174/#/insight:0
[   96655ms] [WARNING] The resource http://localhost:4174/business-card-templates/onboarding/vocalist-card.webp was preloaded using link preload but not used within a few seconds from the window's load event. Please make sure it has an appropriate `as` value and it is preloaded intentionally. @ http://localhost:4174/#/insight:0
[   96655ms] [WARNING] The resource http://localhost:4174/business-card-templates/onboarding/host-card.webp was preloaded using link preload but not used within a few seconds from the window's load event. Please make sure it has an appropriate `as` value and it is preloaded intentionally. @ http://localhost:4174/#/insight:0
[   96655ms] [WARNING] The resource http://localhost:4174/business-card-templates/onboarding/illusionist-card.webp was preloaded using link preload but not used within a few seconds from the window's load event. Please make sure it has an appropriate `as` value and it is preloaded intentionally. @ http://localhost:4174/#/insight:0
[  356773ms] [LOG] [vite] server connection lost. Polling for restart... @ http://localhost:4174/@vite/client:864
[  358353ms] [ERROR] The script has an unsupported MIME type ('text/html'). @ :0
[  361366ms] [WARNING] The resource http://localhost:4174/business-card-templates/onboarding/organizer-card.webp was preloaded using link preload but not used within a few seconds from the window's load event. Please make sure it has an appropriate `as` value and it is preloaded intentionally. @ http://localhost:4174/#/insight:0
[  361366ms] [WARNING] The resource http://localhost:4174/business-card-templates/onboarding/vocalist-card.webp was preloaded using link preload but not used within a few seconds from the window's load event. Please make sure it has an appropriate `as` value and it is preloaded intentionally. @ http://localhost:4174/#/insight:0
[  361366ms] [WARNING] The resource http://localhost:4174/business-card-templates/onboarding/host-card.webp was preloaded using link preload but not used within a few seconds from the window's load event. Please make sure it has an appropriate `as` value and it is preloaded intentionally. @ http://localhost:4174/#/insight:0
[  361366ms] [WARNING] The resource http://localhost:4174/business-card-templates/onboarding/illusionist-card.webp was preloaded using link preload but not used within a few seconds from the window's load event. Please make sure it has an appropriate `as` value and it is preloaded intentionally. @ http://localhost:4174/#/insight:0
[55089423ms] [LOG] [vite] server connection lost. Polling for restart... @ http://localhost:4174/@vite/client:864
[55089741ms] [ERROR] The script has an unsupported MIME type ('text/html'). @ :0
[55092747ms] [WARNING] The resource http://localhost:4174/business-card-templates/onboarding/organizer-card.webp was preloaded using link preload but not used within a few seconds from the window's load event. Please make sure it has an appropriate `as` value and it is preloaded intentionally. @ http://localhost:4174/#/insight:0
[55092747ms] [WARNING] The resource http://localhost:4174/business-card-templates/onboarding/vocalist-card.webp was preloaded using link preload but not used within a few seconds from the window's load event. Please make sure it has an appropriate `as` value and it is preloaded intentionally. @ http://localhost:4174/#/insight:0
[55092747ms] [WARNING] The resource http://localhost:4174/business-card-templates/onboarding/host-card.webp was preloaded using link preload but not used within a few seconds from the window's load event. Please make sure it has an appropriate `as` value and it is preloaded intentionally. @ http://localhost:4174/#/insight:0
[55092747ms] [WARNING] The resource http://localhost:4174/business-card-templates/onboarding/illusionist-card.webp was preloaded using link preload but not used within a few seconds from the window's load event. Please make sure it has an appropriate `as` value and it is preloaded intentionally. @ http://localhost:4174/#/insight:0
[58699997ms] [ERROR] The script has an unsupported MIME type ('text/html'). @ :0
[58703017ms] [WARNING] The resource http://localhost:4174/business-card-templates/onboarding/organizer-card.webp was preloaded using link preload but not used within a few seconds from the window's load event. Please make sure it has an appropriate `as` value and it is preloaded intentionally. @ http://localhost:4174/#/insight:0
[58703017ms] [WARNING] The resource http://localhost:4174/business-card-templates/onboarding/vocalist-card.webp was preloaded using link preload but not used within a few seconds from the window's load event. Please make sure it has an appropriate `as` value and it is preloaded intentionally. @ http://localhost:4174/#/insight:0
[58703017ms] [WARNING] The resource http://localhost:4174/business-card-templates/onboarding/host-card.webp was preloaded using link preload but not used within a few seconds from the window's load event. Please make sure it has an appropriate `as` value and it is preloaded intentionally. @ http://localhost:4174/#/insight:0
[58703017ms] [WARNING] The resource http://localhost:4174/business-card-templates/onboarding/illusionist-card.webp was preloaded using link preload but not used within a few seconds from the window's load event. Please make sure it has an appropriate `as` value and it is preloaded intentionally. @ http://localhost:4174/#/insight:0
[59714225ms] [WARNING] The resource http://localhost:4174/business-card-templates/onboarding/organizer-card.webp was preloaded using link preload but not used within a few seconds from the window's load event. Please make sure it has an appropriate `as` value and it is preloaded intentionally. @ http://localhost:4174/#/insight:0
[59714225ms] [WARNING] The resource http://localhost:4174/business-card-templates/onboarding/vocalist-card.webp was preloaded using link preload but not used within a few seconds from the window's load event. Please make sure it has an appropriate `as` value and it is preloaded intentionally. @ http://localhost:4174/#/insight:0
[59714225ms] [WARNING] The resource http://localhost:4174/business-card-templates/onboarding/host-card.webp was preloaded using link preload but not used within a few seconds from the window's load event. Please make sure it has an appropriate `as` value and it is preloaded intentionally. @ http://localhost:4174/#/insight:0
[59714225ms] [WARNING] The resource http://localhost:4174/business-card-templates/onboarding/illusionist-card.webp was preloaded using link preload but not used within a few seconds from the window's load event. Please make sure it has an appropriate `as` value and it is preloaded intentionally. @ http://localhost:4174/#/insight:0
[59741164ms] [ERROR] The script has an unsupported MIME type ('text/html'). @ :0
[59744173ms] [WARNING] The resource http://localhost:4174/business-card-templates/onboarding/organizer-card.webp was preloaded using link preload but not used within a few seconds from the window's load event. Please make sure it has an appropriate `as` value and it is preloaded intentionally. @ http://localhost:4174/#/insight:0
[59744173ms] [WARNING] The resource http://localhost:4174/business-card-templates/onboarding/vocalist-card.webp was preloaded using link preload but not used within a few seconds from the window's load event. Please make sure it has an appropriate `as` value and it is preloaded intentionally. @ http://localhost:4174/#/insight:0
[59744173ms] [WARNING] The resource http://localhost:4174/business-card-templates/onboarding/host-card.webp was preloaded using link preload but not used within a few seconds from the window's load event. Please make sure it has an appropriate `as` value and it is preloaded intentionally. @ http://localhost:4174/#/insight:0
[59744173ms] [WARNING] The resource http://localhost:4174/business-card-templates/onboarding/illusionist-card.webp was preloaded using link preload but not used within a few seconds from the window's load event. Please make sure it has an appropriate `as` value and it is preloaded intentionally. @ http://localhost:4174/#/insight:0
[59747964ms] [ERROR] The script has an unsupported MIME type ('text/html'). @ :0
[59750968ms] [WARNING] The resource http://localhost:4174/business-card-templates/onboarding/organizer-card.webp was preloaded using link preload but not used within a few seconds from the window's load event. Please make sure it has an appropriate `as` value and it is preloaded intentionally. @ http://localhost:4174/#/insight:0
[59750968ms] [WARNING] The resource http://localhost:4174/business-card-templates/onboarding/vocalist-card.webp was preloaded using link preload but not used within a few seconds from the window's load event. Please make sure it has an appropriate `as` value and it is preloaded intentionally. @ http://localhost:4174/#/insight:0
[59750968ms] [WARNING] The resource http://localhost:4174/business-card-templates/onboarding/host-card.webp was preloaded using link preload but not used within a few seconds from the window's load event. Please make sure it has an appropriate `as` value and it is preloaded intentionally. @ http://localhost:4174/#/insight:0
[59750969ms] [WARNING] The resource http://localhost:4174/business-card-templates/onboarding/illusionist-card.webp was preloaded using link preload but not used within a few seconds from the window's load event. Please make sure it has an appropriate `as` value and it is preloaded intentionally. @ http://localhost:4174/#/insight:0
[59782035ms] [WARNING] The resource http://localhost:4174/business-card-templates/onboarding/organizer-card.webp was preloaded using link preload but not used within a few seconds from the window's load event. Please make sure it has an appropriate `as` value and it is preloaded intentionally. @ http://localhost:4174/#/insight:0
[59782035ms] [WARNING] The resource http://localhost:4174/business-card-templates/onboarding/vocalist-card.webp was preloaded using link preload but not used within a few seconds from the window's load event. Please make sure it has an appropriate `as` value and it is preloaded intentionally. @ http://localhost:4174/#/insight:0
[59782035ms] [WARNING] The resource http://localhost:4174/business-card-templates/onboarding/host-card.webp was preloaded using link preload but not used within a few seconds from the window's load event. Please make sure it has an appropriate `as` value and it is preloaded intentionally. @ http://localhost:4174/#/insight:0
[59782035ms] [WARNING] The resource http://localhost:4174/business-card-templates/onboarding/illusionist-card.webp was preloaded using link preload but not used within a few seconds from the window's load event. Please make sure it has an appropriate `as` value and it is preloaded intentionally. @ http://localhost:4174/#/insight:0
[59894839ms] [ERROR] The script has an unsupported MIME type ('text/html'). @ :0
[59897847ms] [WARNING] The resource http://localhost:4174/business-card-templates/onboarding/organizer-card.webp was preloaded using link preload but not used within a few seconds from the window's load event. Please make sure it has an appropriate `as` value and it is preloaded intentionally. @ http://localhost:4174/#/insight:0
[59897848ms] [WARNING] The resource http://localhost:4174/business-card-templates/onboarding/vocalist-card.webp was preloaded using link preload but not used within a few seconds from the window's load event. Please make sure it has an appropriate `as` value and it is preloaded intentionally. @ http://localhost:4174/#/insight:0
[59897848ms] [WARNING] The resource http://localhost:4174/business-card-templates/onboarding/host-card.webp was preloaded using link preload but not used within a few seconds from the window's load event. Please make sure it has an appropriate `as` value and it is preloaded intentionally. @ http://localhost:4174/#/insight:0
[59897848ms] [WARNING] The resource http://localhost:4174/business-card-templates/onboarding/illusionist-card.webp was preloaded using link preload but not used within a few seconds from the window's load event. Please make sure it has an appropriate `as` value and it is preloaded intentionally. @ http://localhost:4174/#/insight:0
[60187557ms] [ERROR] The script has an unsupported MIME type ('text/html'). @ :0
[60188996ms] [ERROR] The script has an unsupported MIME type ('text/html'). @ :0
[60216777ms] [ERROR] The script has an unsupported MIME type ('text/html'). @ :0
[60299119ms] [ERROR] The script has an unsupported MIME type ('text/html'). @ :0
[60761571ms] [ERROR] The script has an unsupported MIME type ('text/html'). @ :0
[61445974ms] [ERROR] The script has an unsupported MIME type ('text/html'). @ :0
[62746741ms] [LOG] [vite] server connection lost. Polling for restart... @ http://localhost:4174/@vite/client:864
[62747268ms] [ERROR] The script has an unsupported MIME type ('text/html'). @ :0
[62747987ms] [LOG] [vite] server connection lost. Polling for restart... @ http://localhost:4174/@vite/client:864
[62748131ms] [ERROR] The script has an unsupported MIME type ('text/html'). @ :0
[62781995ms] [ERROR] The script has an unsupported MIME type ('text/html'). @ :0
[63577000ms] [ERROR] The script has an unsupported MIME type ('text/html'). @ :0
[64592296ms] [ERROR] The script has an unsupported MIME type ('text/html'). @ :0
[76505779ms] [ERROR] The script has an unsupported MIME type ('text/html'). @ :0
[76519029ms] [ERROR] The script has an unsupported MIME type ('text/html'). @ :0
[76529513ms] [ERROR] The script has an unsupported MIME type ('text/html'). @ :0
[76539978ms] [ERROR] The script has an unsupported MIME type ('text/html'). @ :0
[76552844ms] [ERROR] The script has an unsupported MIME type ('text/html'). @ :0
[76586968ms] [ERROR] The script has an unsupported MIME type ('text/html'). @ :0
[83375878ms] [ERROR] The script has an unsupported MIME type ('text/html'). @ :0
[83569736ms] [ERROR] The script has an unsupported MIME type ('text/html'). @ :0
[84469221ms] [ERROR] The script has an unsupported MIME type ('text/html'). @ :0
[84515881ms] [ERROR] The script has an unsupported MIME type ('text/html'). @ :0
[84530404ms] [ERROR] The script has an unsupported MIME type ('text/html'). @ :0
[84587687ms] [ERROR] The script has an unsupported MIME type ('text/html'). @ :0
[84627917ms] [ERROR] The script has an unsupported MIME type ('text/html'). @ :0
[84645082ms] [ERROR] The script has an unsupported MIME type ('text/html'). @ :0
[84657932ms] [ERROR] The script has an unsupported MIME type ('text/html'). @ :0
[84714777ms] [ERROR] The script has an unsupported MIME type ('text/html'). @ :0
[84733355ms] [ERROR] The script has an unsupported MIME type ('text/html'). @ :0
[84771896ms] [ERROR] The script has an unsupported MIME type ('text/html'). @ :0
[85192915ms] [ERROR] The script has an unsupported MIME type ('text/html'). @ :0
[85864227ms] ReferenceError: VIEWS is not defined
    at parseRoute (http://localhost:4174/src/app.js?t=1786633639961:58:20)
    at route (http://localhost:4174/src/app.js?t=1786633639961:86:28)
    at mountApp (http://localhost:4174/src/app.js?t=1786633639961:138:3)
    at http://localhost:4174/src/main.js?t=1786633639961:5:1
[85864222ms] [ERROR] The script has an unsupported MIME type ('text/html'). @ :0
[85902100ms] ReferenceError: VIEWS is not defined
    at route (http://localhost:4174/src/app.js?t=1786633677929:87:18)
    at mountApp (http://localhost:4174/src/app.js?t=1786633677929:138:3)
    at http://localhost:4174/src/main.js?t=1786633677929:5:1
[85902107ms] [ERROR] The script has an unsupported MIME type ('text/html'). @ :0
[85929101ms] [ERROR] The script has an unsupported MIME type ('text/html'). @ :0
[86145157ms] [ERROR] The script has an unsupported MIME type ('text/html'). @ :0
[87535000ms] [ERROR] The script has an unsupported MIME type ('text/html'). @ :0
[87553692ms] [ERROR] The script has an unsupported MIME type ('text/html'). @ :0
[87553702ms] ReferenceError: renderIcon is not defined
    at http://localhost:4174/src/app.js?t=1786635329664:73:80
    at Array.map (<anonymous>)
    at renderTabbar (http://localhost:4174/src/app.js?t=1786635329664:71:15)
    at route (http://localhost:4174/src/app.js?t=1786635329664:128:42)
[87599594ms] [ERROR] The script has an unsupported MIME type ('text/html'). @ :0
[87910459ms] [ERROR] The script has an unsupported MIME type ('text/html'). @ :0
[98707138ms] [ERROR] The script has an unsupported MIME type ('text/html'). @ :0
[108505104ms] [ERROR] The script has an unsupported MIME type ('text/html'). @ :0
